
> @google/gemini-cli-core@0.30.0-nightly.20260210.a2174751d test
> vitest run src/tools/mcp-client.test.ts


[1m[46m RUN [49m[22m [36mv3.2.4 [39m[90mC:/Users/srini/OneDrive/Documents/GSoC 26/gemini-cli/packages/core[39m
      [2mCoverage enabled with [22m[33mv8[39m

 [31mΓ¥»[39m src/tools/mcp-client.test.ts [2m([22m[2m64 tests[22m[2m | [22m[31m16 failed[39m[2m)[22m[33m 510[2mms[22m[39m
   [32mΓ£ô[39m mcp-client[2m > [22mMcpClient[2m > [22mshould discover tools[32m 19[2mms[22m[39m
   [32mΓ£ô[39m mcp-client[2m > [22mMcpClient[2m > [22mshould not skip tools even if a parameter is missing a type[32m 6[2mms[22m[39m
   [32mΓ£ô[39m mcp-client[2m > [22mMcpClient[2m > [22mshould propagate errors when discovering prompts[32m 8[2mms[22m[39m
   [32mΓ£ô[39m mcp-client[2m > [22mMcpClient[2m > [22mshould not discover tools if server does not support them[32m 5[2mms[22m[39m
   [32mΓ£ô[39m mcp-client[2m > [22mMcpClient[2m > [22mshould discover tools if server supports them[32m 4[2mms[22m[39m
   [32mΓ£ô[39m mcp-client[2m > [22mMcpClient[2m > [22mshould register tool with readOnlyHint and add policy rule[32m 7[2mms[22m[39m
   [32mΓ£ô[39m mcp-client[2m > [22mMcpClient[2m > [22mshould not add policy rule for tool without readOnlyHint[32m 5[2mms[22m[39m
   [32mΓ£ô[39m mcp-client[2m > [22mMcpClient[2m > [22mshould discover tools with $defs and $ref in schema[32m 5[2mms[22m[39m
   [32mΓ£ô[39m mcp-client[2m > [22mMcpClient[2m > [22mshould discover resources when a server only exposes resources[32m 6[2mms[22m[39m
   [32mΓ£ô[39m mcp-client[2m > [22mMcpClient[2m > [22mrefreshes registry when resource list change notification is received[32m 8[2mms[22m[39m
   [32mΓ£ô[39m mcp-client[2m > [22mMcpClient[2m > [22mrefreshes prompts when prompt list change notification is received[32m 7[2mms[22m[39m
   [32mΓ£ô[39m mcp-client[2m > [22mMcpClient[2m > [22mshould remove tools and prompts on disconnect[32m 5[2mms[22m[39m
   [32mΓ£ô[39m mcp-client[2m > [22mDynamic Tool Updates[2m > [22mshould set up notification handler if server supports tool list changes[32m 6[2mms[22m[39m
   [32mΓ£ô[39m mcp-client[2m > [22mDynamic Tool Updates[2m > [22mshould NOT set up notification handler if server lacks capability[32m 7[2mms[22m[39m
   [32mΓ£ô[39m mcp-client[2m > [22mDynamic Tool Updates[2m > [22mshould refresh tools and notify manager when notification is received[32m 9[2mms[22m[39m
   [32mΓ£ô[39m mcp-client[2m > [22mDynamic Tool Updates[2m > [22mshould handle errors during tool refresh gracefully[32m 9[2mms[22m[39m
   [32mΓ£ô[39m mcp-client[2m > [22mDynamic Tool Updates[2m > [22mshould handle concurrent updates from multiple servers[32m 7[2mms[22m[39m
   [32mΓ£ô[39m mcp-client[2m > [22mDynamic Tool Updates[2m > [22mshould abort discovery and log error if timeout is exceeded during refresh[32m 12[2mms[22m[39m
   [32mΓ£ô[39m mcp-client[2m > [22mDynamic Tool Updates[2m > [22mshould pass abort signal to onToolsUpdated callback[32m 5[2mms[22m[39m
   [32mΓ£ô[39m mcp-client[2m > [22mappendMcpServerCommand[2m > [22mshould do nothing if no MCP servers or command are configured[32m 3[2mms[22m[39m
   [32mΓ£ô[39m mcp-client[2m > [22mappendMcpServerCommand[2m > [22mshould discover tools via mcpServerCommand[32m 6[2mms[22m[39m
   [32mΓ£ô[39m mcp-client[2m > [22mappendMcpServerCommand[2m > [22mshould handle error if mcpServerCommand parsing fails[32m 4[2mms[22m[39m
[31m   [31m├ù[31m mcp-client[2m > [22mcreateTransport[2m > [22mshould connect via httpUrl[2m > [22mwithout headers[39m[32m 24[2mms[22m[39m
[31m     ΓåÆ expected StreamableHTTPClientTransport{ ΓÇª(10) } to match object { ΓÇª(2) }
(13 matching properties omitted from actual)[39m
[31m   [31m├ù[31m mcp-client[2m > [22mcreateTransport[2m > [22mshould connect via httpUrl[2m > [22mwith headers[39m[32m 7[2mms[22m[39m
[31m     ΓåÆ expected StreamableHTTPClientTransport{ ΓÇª(10) } to match object { ΓÇª(2) }
(14 matching properties omitted from actual)[39m
[31m   [31m├ù[31m mcp-client[2m > [22mcreateTransport[2m > [22mshould connect via url[2m > [22mwithout headers[39m[32m 5[2mms[22m[39m
[31m     ΓåÆ expected StreamableHTTPClientTransport{ ΓÇª(10) } to match object { ΓÇª(2) }
(13 matching properties omitted from actual)[39m
[31m   [31m├ù[31m mcp-client[2m > [22mcreateTransport[2m > [22mshould connect via url[2m > [22mwith headers[39m[32m 7[2mms[22m[39m
[31m     ΓåÆ expected StreamableHTTPClientTransport{ ΓÇª(10) } to match object { ΓÇª(2) }
(14 matching properties omitted from actual)[39m
[31m   [31m├ù[31m mcp-client[2m > [22mcreateTransport[2m > [22mshould connect via url[2m > [22mwith type="http" creates StreamableHTTPClientTransport[39m[32m 5[2mms[22m[39m
[31m     ΓåÆ expected StreamableHTTPClientTransport{ ΓÇª(10) } to match object { ΓÇª(2) }
(13 matching properties omitted from actual)[39m
[31m   [31m├ù[31m mcp-client[2m > [22mcreateTransport[2m > [22mshould connect via url[2m > [22mwith type="sse" creates SSEClientTransport[39m[32m 16[2mms[22m[39m
[31m     ΓåÆ expected SSEClientTransport{ ΓÇª(8) } to match object { ΓÇª(2) }
(7 matching properties omitted from actual)[39m
[31m   [31m├ù[31m mcp-client[2m > [22mcreateTransport[2m > [22mshould connect via url[2m > [22mwithout type defaults to StreamableHTTPClientTransport[39m[32m 4[2mms[22m[39m
[31m     ΓåÆ expected StreamableHTTPClientTransport{ ΓÇª(10) } to match object { ΓÇª(2) }
(13 matching properties omitted from actual)[39m
[31m   [31m├ù[31m mcp-client[2m > [22mcreateTransport[2m > [22mshould connect via url[2m > [22mwith type="http" and headers applies headers correctly[39m[32m 5[2mms[22m[39m
[31m     ΓåÆ expected StreamableHTTPClientTransport{ ΓÇª(10) } to match object { ΓÇª(2) }
(14 matching properties omitted from actual)[39m
[31m   [31m├ù[31m mcp-client[2m > [22mcreateTransport[2m > [22mshould connect via url[2m > [22mwith type="sse" and headers applies headers correctly[39m[32m 4[2mms[22m[39m
[31m     ΓåÆ expected SSEClientTransport{ ΓÇª(8) } to match object { ΓÇª(2) }
(8 matching properties omitted from actual)[39m
[31m   [31m├ù[31m mcp-client[2m > [22mcreateTransport[2m > [22mshould connect via url[2m > [22mhttpUrl takes priority over url when both are present[39m[32m 6[2mms[22m[39m
[31m     ΓåÆ expected StreamableHTTPClientTransport{ ΓÇª(10) } to match object { ΓÇª(2) }
(13 matching properties omitted from actual)[39m
[31m   [31m├ù[31m mcp-client[2m > [22mcreateTransport[2m > [22mshould connect via url[2m > [22muser-provided Accept header is preserved[39m[32m 5[2mms[22m[39m
[31m     ΓåÆ expected StreamableHTTPClientTransport{ ΓÇª(10) } to match object { ΓÇª(2) }
(13 matching properties omitted from actual)[39m
   [32mΓ£ô[39m mcp-client[2m > [22mcreateTransport[2m > [22mshould connect via url[2m > [22muser-provided Accept header (lowercase) is preserved[32m 4[2mms[22m[39m
   [32mΓ£ô[39m mcp-client[2m > [22mcreateTransport[2m > [22mshould connect via command[32m 4[2mms[22m[39m
   [32mΓ£ô[39m mcp-client[2m > [22mcreateTransport[2m > [22msets an env variable GEMINI_CLI=1 for stdio MCP servers[32m 6[2mms[22m[39m
   [32mΓ£ô[39m mcp-client[2m > [22mcreateTransport[2m > [22mshould exclude extension settings with undefined values from environment[32m 6[2mms[22m[39m
[31m   [31m├ù[31m mcp-client[2m > [22mcreateTransport[2m > [22museGoogleCredentialProvider[2m > [22mshould use GoogleCredentialProvider when specified[39m[32m 9[2mms[22m[39m
[31m     ΓåÆ expected undefined to be 'myproject' // Object.is equality[39m
[31m   [31m├ù[31m mcp-client[2m > [22mcreateTransport[2m > [22museGoogleCredentialProvider[2m > [22mshould use headers from GoogleCredentialProvider[39m[32m 9[2mms[22m[39m
[31m     ΓåÆ expected undefined to be 'provider-project' // Object.is equality[39m
[31m   [31m├ù[31m mcp-client[2m > [22mcreateTransport[2m > [22museGoogleCredentialProvider[2m > [22mshould prioritize provider headers over config headers[39m[32m 6[2mms[22m[39m
[31m     ΓåÆ expected undefined to be 'provider-project' // Object.is equality[39m
   [32mΓ£ô[39m mcp-client[2m > [22mcreateTransport[2m > [22museGoogleCredentialProvider[2m > [22mshould use GoogleCredentialProvider with SSE transport[32m 5[2mms[22m[39m
   [32mΓ£ô[39m mcp-client[2m > [22mcreateTransport[2m > [22museGoogleCredentialProvider[2m > [22mshould throw an error if no URL is provided with GoogleCredentialProvider[32m 5[2mms[22m[39m
   [32mΓ£ô[39m mcp-client[2m > [22misEnabled[2m > [22mshould return true if no include or exclude lists are provided[32m 6[2mms[22m[39m
   [32mΓ£ô[39m mcp-client[2m > [22misEnabled[2m > [22mshould return false if the tool is in the exclude list[32m 4[2mms[22m[39m
   [32mΓ£ô[39m mcp-client[2m > [22misEnabled[2m > [22mshould return true if the tool is in the include list[32m 4[2mms[22m[39m
   [32mΓ£ô[39m mcp-client[2m > [22misEnabled[2m > [22mshould return true if the tool is in the include list with parentheses[32m 3[2mms[22m[39m
   [32mΓ£ô[39m mcp-client[2m > [22misEnabled[2m > [22mshould return false if the include list exists but does not contain the tool[32m 3[2mms[22m[39m
   [32mΓ£ô[39m mcp-client[2m > [22misEnabled[2m > [22mshould return false if the tool is in both the include and exclude lists[32m 3[2mms[22m[39m
   [32mΓ£ô[39m mcp-client[2m > [22misEnabled[2m > [22mshould return false if the function declaration has no name[32m 3[2mms[22m[39m
   [32mΓ£ô[39m mcp-client[2m > [22mhasNetworkTransport[2m > [22mshould return true if only url is provided[32m 4[2mms[22m[39m
   [32mΓ£ô[39m mcp-client[2m > [22mhasNetworkTransport[2m > [22mshould return true if only httpUrl is provided[32m 4[2mms[22m[39m
   [32mΓ£ô[39m mcp-client[2m > [22mhasNetworkTransport[2m > [22mshould return true if both url and httpUrl are provided[32m 4[2mms[22m[39m
   [32mΓ£ô[39m mcp-client[2m > [22mhasNetworkTransport[2m > [22mshould return false if neither url nor httpUrl is provided[32m 4[2mms[22m[39m
   [32mΓ£ô[39m mcp-client[2m > [22mhasNetworkTransport[2m > [22mshould return false for an empty config object[32m 4[2mms[22m[39m
[31m   [31m├ù[31m connectToMcpServer with OAuth[2m > [22mshould handle automatic OAuth flow on 401 with www-authenticate header[39m[32m 8[2mms[22m[39m
[31m     ΓåÆ expected undefined to be 'Bearer test-access-token' // Object.is equality[39m
[31m   [31m├ù[31m connectToMcpServer with OAuth[2m > [22mshould discover oauth config if not in www-authenticate header[39m[32m 117[2mms[22m[39m
[31m     ΓåÆ expected undefined to be 'Bearer test-access-token-from-discoveΓÇª' // Object.is equality[39m
   [32mΓ£ô[39m connectToMcpServer with OAuth[2m > [22mshould use discoverOAuthFromWWWAuthenticate when it succeeds and skip discoverOAuthConfig[32m 5[2mms[22m[39m
   [32mΓ£ô[39m connectToMcpServer with OAuth[2m > [22mshould fall back to extractBaseUrl + discoverOAuthConfig when discoverOAuthFromWWWAuthenticate returns null[32m 4[2mms[22m[39m
   [32mΓ£ô[39m connectToMcpServer - HTTPΓåÆSSE fallback[2m > [22mshould NOT trigger fallback when type="http" is explicit[32m 5[2mms[22m[39m
   [32mΓ£ô[39m connectToMcpServer - HTTPΓåÆSSE fallback[2m > [22mshould NOT trigger fallback when type="sse" is explicit[32m 4[2mms[22m[39m
   [32mΓ£ô[39m connectToMcpServer - HTTPΓåÆSSE fallback[2m > [22mshould trigger fallback when url provided without type and HTTP fails[32m 5[2mms[22m[39m
   [32mΓ£ô[39m connectToMcpServer - HTTPΓåÆSSE fallback[2m > [22mshould throw original HTTP error when both HTTP and SSE fail (non-401)[32m 4[2mms[22m[39m
   [32mΓ£ô[39m connectToMcpServer - HTTPΓåÆSSE fallback[2m > [22mshould handle HTTP 404 followed by SSE success[32m 4[2mms[22m[39m
   [32mΓ£ô[39m connectToMcpServer - OAuth with transport fallback[2m > [22mshould handle HTTP 404 ΓåÆ SSE 401 ΓåÆ OAuth ΓåÆ SSE+OAuth succeeds[32m 6[2mms[22m[39m

[2m Test Files [22m [1m[31m1 failed[39m[22m[90m (1)[39m
[2m      Tests [22m [1m[31m16 failed[39m[22m[2m | [22m[1m[32m48 passed[39m[22m[90m (64)[39m
[2m   Start at [22m 23:23:07
[2m   Duration [22m 12.47s[2m (transform 3.00s, setup 109ms, collect 8.19s, tests 510ms, environment 0ms, prepare 275ms)[22m

JUNIT report written to C:/Users/srini/OneDrive/Documents/GSoC 26/gemini-cli/packages/core/junit.xml
